---
source: tui/src/app/agent_context_display_tests.rs
expression: "rows.join(\"\\n\")"
---
context 80000 · cap 100000 · window 272000 · gpt-6-luna · usage + estimate · snapshot 10s ago · provider 20s ago · shaken 120000→40000 (1m ago)
context 80000 · cap 100000 · window 272000 · gpt-6-luna · usage + estimate · snapshot 10s ago · provider 20s ago · compacted 120000→0 (1m ago)
context 80000 · cap 100000 · window 272000 · gpt-6-luna · usage + estimate · snapshot 10s ago · provider 20s ago · insufficient 120000→120000 (1m ago)
context 80000 · cap 100000 · window 272000 · gpt-6-luna · usage + estimate · snapshot 10s ago · provider 20s ago · failed 120000→? (1m ago)
context 80000 · cap 100000 · window 272000 · gpt-6-luna · usage + estimate · snapshot 10s ago · provider 20s ago · cancelled 120000→? (1m ago)
