---
source: tui/src/app/tests/agent_picker_tests.rs
expression: "render_bottom_popup(&app.chat_widget, 160)"
---
  Subagents
  Select an agent to watch. ⌥← previous, ⌥→ next.


  1. • Policy [worker]  error context 120000 · cap 100000 · window 272000
› 2. • Other [worker]   idle context ?

  enter select · / search · x close agent · esc back
