---
source: tui/src/app/tests/agent_picker_tests.rs
assertion_line: 345
expression: "render_bottom_popup(&app.chat_widget, 48)"
---
  Subagents
  Select an agent to watch. ⌥← previous, ⌥→
  next.

  p

› • Planner [worker] (current)  idle context 48…

  enter select · esc exit search · ctrl+c close
