---
source: tui/src/chatwidget/tests/shake_preview_tests.rs
expression: "render_bottom_popup(&chat, 90)"
---
  Shake preview (thinking)
  Estimated conversation: 118,000 → 71,000 tokens. Frees ~47,000 (40%).
  Thinking blocks to remove: 1. This mode does not save recovery artifacts.

  Idle age unavailable; cache state unknown.
  Full-request estimate unavailable; conversation counts alone cannot establish pricing
  or compact headroom.
  Favor shake when it delays compaction, not simply before /compact.

  Conversation excludes instructions/tools. Costs exclude recovery and output; not plan-
  allowance predictions.

› 1. Shake
  2. Cancel

  Press enter to confirm or esc to go back
