---
source: tui/src/history_cell/tests.rs
expression: "render_lines(&cell.transcript_lines(width)).join(\"\\n\")"
---
⚠ Automatic goal continuation is held after repeated suspected no-progress
  turns. The goal remains active. New user input, explicit goal activation, or a
  newly accepted agent result can resume it.
